[club42palermo.wixsite.com/club42.html]
[static.parastorage.com/unpkg/@formatjs/intl-segmenter@11.7.10/polyfill.iife.js]
[static.parastorage.com/unpkg/core-js-bundle@3.2.1/minified.js]
[static.parastorage.com/unpkg/focus-within-polyfill@5.0.9/dist/focus-within-polyfill.js]
[club42palermo.wixsite.com/index.html]
[club42palermo.wixsite.com/t.4.delayed]
[club42palermo.wixsite.com/o.5.delayed]
[backblue.gif]
[fade.gif]
[index.html]
[static.parastorage.com/services/events-viewer/1.4180.0/client-viewer/271.chunk.min.js]
[static.parastorage.com/services/events-viewer/1.4180.0/client-viewer/181.chunk.min.js]
[static.parastorage.com/services/events-viewer/1.4180.0/client-viewer/843.chunk.min.js]
[static.parastorage.com/services/events-viewer/1.4180.0/client-viewer/570.chunk.min.js]
[static.parastorage.com/services/events-viewer/1.4180.0/client-viewer/SingleEvent.chunk.min.js]
[static.parastorage.com/services/form-app/1.2565.0/client-viewer/1882.chunk.min.js]
[static.parastorage.com/services/form-app/1.2565.0/client-viewer/form-app-header.chunk.min.js]
[static.parastorage.com/services/form-app/1.2565.0/client-viewer/form-app-wix-ricos-viewer.chunk.min.js]
[static.parastorage.com/services/form-app/1.2565.0/client-viewer/4068.chunk.min.js]
[static.parastorage.com/services/form-app/1.2565.0/client-viewer/form-app-checkbox-group.chunk.min.js]
[static.parastorage.com/services/form-app/1.2565.0/client-viewer/form-app-text-area.chunk.min.js]
[club42palermo.wixsite.com/club42/event-list.html]
[club42palermo.wixsite.com/club42/blank.html]
[static.wixstatic.com/media/32639b_fa4ba405ea3d4e9daf278922f4ce0eb2f000.jpg/v1/fill/w_511,h_511,al_c,q_80,usm_0.66_1.00_0.01,enc_avif,quality_auto/32639b_fa4ba405ea3d4e9daf278922f4ce0eb2f000.jpg]
[static.wixstatic.com/media/32639b_e09b8aeaef29494c9213c8f82872df63_mv2.png/v1/fill/w_49,h_49,al_c,q_85,usm_0.66_1.00_0.01,blur_2,enc_auto/32639b_e09b8aeaef29494c9213c8f82872df63_mv2.png]
[club42palermo.wixsite.com/club42/event-details/we-are-family.html]
[static.wixstatic.com/media/32639b_24ad73f947de4008b2e8233f96f252f3_mv2.jpg/v1/crop/x_0,y_350,w_1024,h_294/fill/w_600,h_172,al_c,q_80,usm_0.66_1.00_0.01,enc_av/32639b_24ad73f947de4008b2e8233f96f252f3_mv2.jpg]
[club42palermo.wixsite.com/window.location.17.delayed]
[browser.sentry-cdn.com/7.120.3/bundle.tracing.es5.min.js]
[browser.sentry-cdn.com/7.120.3/modulemetadata.es5.min.js]
[club42palermo.wixsite.com/envelope/index.html]
[club42palermo.wixsite.com/sitemap.1a.delayed]
[club42palermo.wixsite.com/api/index.html]
[club42palermo.wixsite.com/feed.1b.delayed]
[static.parastorage.com/unpkg/react@18.3.1/umd/react.production.min.js]
[static.parastorage.com/unpkg/react-dom@18.3.1/umd/react-dom.production.min.js]
[static.parastorage.com/unpkg/lodash@4.17.21/lodash.min.js]
[static.parastorage.com/services/wix-thunderbolt/dist/thunderbolt-commons.1282f23b.bundle.min.js]
[static.parastorage.com/services/wix-thunderbolt/dist/main.9c060692.bundle.min.js]
[static.parastorage.com/services/wix-thunderbolt/dist/main.renderer.99fa8096.bundle.min.js]
[static.parastorage.com/services/events-viewer/1.4180.0/widgetViewerWidgetNoCss.bundle.min.js]
[static.parastorage.com/services/wix-thunderbolt/dist/browser-deprecation.bundle.es5.js]
[club42palermo.wixsite.com/decodeURIComponent(e.24.delayed]
[club42palermo.wixsite.com/club42.html]
[club42palermo.wixsite.com/index.html]
[club42palermo.wixsite.com/t.html]
[club42palermo.wixsite.com/o.html]
[static.parastorage.com/services/tag-manager-client/1.1028.0/siteTags.bundle.min.js]
[club42palermo.wixsite.com/club42/t.26.delayed]
[club42palermo.wixsite.com/club42/o.27.delayed]
[static.parastorage.com/services/events-viewer/1.4180.0/client-viewer/694.chunk.min.js]
[static.parastorage.com/services/events-viewer/1.4180.0/client-viewer/954.chunk.min.js]
[static.parastorage.com/services/events-viewer/1.4180.0/client-viewer/472.chunk.min.js]
[static.parastorage.com/services/events-viewer/1.4180.0/client-viewer/411.chunk.min.js]
[static.parastorage.com/services/events-viewer/1.4180.0/client-viewer/Cards.chunk.min.js]
[static.wixstatic.com/media/32639b_ae70372ee60b43c2a92bef1378655240_mv2.png/v1/fill/w_49,h_49,al_c,q_85,usm_0.66_1.00_0.01,blur_2,enc_auto/32639b_ae70372ee60b43c2a92bef1378655240_mv2.png]
[club42palermo.wixsite.com/club42/event-details/mare-stelle.html]
[static.wixstatic.com/media/32639b_2c2230d89cb34b32919c8cf7c5fbdf46_mv2.jpg/v1/fill/w_147,h_221,al_c,q_80,usm_0.66_1.00_0.01,blur_2,enc_auto/32639b_2c2230d89cb34b32919c8cf7c5fbdf46_mv2.jpg]
[club42palermo.wixsite.com/club42/event-details/incontri-lautore.html]
[static.wixstatic.com/media/32639b_03632beda0d240259896fe65c333cb0b_mv2.png/v1/fill/w_49,h_49,al_c,q_85,usm_0.66_1.00_0.01,blur_2,enc_auto/32639b_03632beda0d240259896fe65c333cb0b_mv2.png]
[club42palermo.wixsite.com/club42/window.location.33.delayed]
[club42palermo.wixsite.com/club42/event-details/oktober-in-festa.html]
[club42palermo.wixsite.com/club42/robots.34.delayed]
[club42palermo.wixsite.com/club42/sitemap.xml]
[club42palermo.wixsite.com/club42/feed.36.delayed]
[club42palermo.wixsite.com/club42/decodeURIComponent(e.37.delayed]
[club42palermo.wixsite.com/club42/event-list.html]
[club42palermo.wixsite.com/club42/blank.html]
[club42palermo.wixsite.com/club42/event-details/time-keeps-on-slipping-1.html]
[club42palermo.wixsite.com/club42/event-details/t.html]
[static.parastorage.com/services/events-details-page/1.832.0/client-viewer/2066.chunk.min.js]
[club42palermo.wixsite.com/club42/event-details/o.html]
[static.parastorage.com/services/events-details-page/1.832.0/client-viewer/4018.chunk.min.js]
[static.parastorage.com/services/events-details-page/1.832.0/client-viewer/ricos-viewer.chunk.min.js]
[club42palermo.wixsite.com/club42/event-details/window.location.html]
[club42palermo.wixsite.com/club42/event-details/robots.html]
[club42palermo.wixsite.com/club42/event-details/sitemap.40.delayed]
[club42palermo.wixsite.com/club42/event-details/feed.41.delayed]
[static.parastorage.com/services/events-details-page/1.832.0/details-pageViewerWidgetNoCss.bundle.min.js]
[club42palermo.wixsite.com/club42/event-details/we-are-family.html]
[club42palermo.wixsite.com/window.location.html]
[club42palermo.wixsite.com/api/index.html]
[club42palermo.wixsite.com/envelope/index.html]
[club42palermo.wixsite.com/sitemap.html]
[club42palermo.wixsite.com/feed.html]
[club42palermo.wixsite.com/decodeURIComponent(e.html]
[club42palermo.wixsite.com/club42/t.html]
[club42palermo.wixsite.com/club42/o.html]
[club42palermo.wixsite.com/club42/event-details/mare-stelle.html]
[club42palermo.wixsite.com/club42/event-details/incontri-lautore.html]
[club42palermo.wixsite.com/club42/event-details/oktober-in-festa.html]
[club42palermo.wixsite.com/club42/window.location.html]
[club42palermo.wixsite.com/club42/robots.html]
[club42palermo.wixsite.com/club42/feed.html]
[club42palermo.wixsite.com/club42/decodeURIComponent(e.html]
[club42palermo.wixsite.com/club42/event-details/decodeURIComponent(e.html]
[static.parastorage.com/services/events-details-page/1.832.0/client-viewer/7427.chunk.min.js]
[static.parastorage.com/services/events-details-page/1.832.0/client-viewer/ricos_plugin_gallery.chunk.min.js]
[static.parastorage.com/services/events-details-page/1.832.0/client-viewer/ricos_plugin_html.chunk.min.js]
[static.wixstatic.com/media/32639b_3af291e1baf14ecebf8878910d17d5d8_mv2.jpeg/v1/fill/w_188,h_250,al_c,q_30,blur_30/32639b_3af291e1baf14ecebf8878910d17d5d8_mv2.jpg]
[static.wixstatic.com/media/32639b_3af291e1baf14ecebf8878910d17d5d8_mv2.jpeg/v1/fill/w_257,h_342,fp_0.50_0.50,q_90/32639b_3af291e1baf14ecebf8878910d17d5d8_mv2.jpg]
[static.wixstatic.com/media/32639b_456b3acee76d4bb199e001b94604af77_mv2.jpeg/v1/fill/w_188,h_250,al_c,q_30,blur_30/32639b_456b3acee76d4bb199e001b94604af77_mv2.jpg]
[static.wixstatic.com/media/32639b_456b3acee76d4bb199e001b94604af77_mv2.jpeg/v1/fill/w_257,h_342,fp_0.50_0.50,q_90/32639b_456b3acee76d4bb199e001b94604af77_mv2.jpg]
[static.wixstatic.com/media/32639b_8eaa7296590a4c7c90c1e33c23203c07_mv2.jpg/v1/fill/w_333,h_250,al_c,q_30,blur_30/32639b_8eaa7296590a4c7c90c1e33c23203c07_mv2.jpg]
[static.wixstatic.com/media/32639b_8eaa7296590a4c7c90c1e33c23203c07_mv2.jpg/v1/fill/w_456,h_342,fp_0.50_0.50,q_90/32639b_8eaa7296590a4c7c90c1e33c23203c07_mv2.jpg]
[club42palermo.wixsite.com/club42/event-details/time-keeps-on-slipping-1.html]
[club42palermo.wixsite.com/club42/event-details/t.html]
[club42palermo.wixsite.com/club42/event-details/o.html]
[club42palermo.wixsite.com/club42/event-details/window.location.html]
[club42palermo.wixsite.com/club42/event-details/robots.html]
[club42palermo.wixsite.com/club42/event-details/sitemap.html]
[club42palermo.wixsite.com/club42/event-details/feed.html]
[club42palermo.wixsite.com/club42/event-details/decodeURIComponent(e.html]
